
Power Report Interval
# 100000000 ps
# 
# Power Report                        Node     Tc     Ti    Time At 1    Time At 0    Time At X
# ---------------------------------------------------------------------------------------------
#                   /testbench/ABUSNORM(7)     97      0  48164900 ps  51835100 ps         0 ps
#                   /testbench/ABUSNORM(6)    118      0  37760000 ps  62240000 ps         0 ps
#                   /testbench/ABUSNORM(5)    312      0  49927000 ps  50073000 ps         0 ps
#                   /testbench/ABUSNORM(4)    625      0  49931900 ps  50068100 ps         0 ps
#                   /testbench/ABUSNORM(3)   1250      0  50007000 ps  49993000 ps         0 ps
#                   /testbench/ABUSNORM(2)   2500      0  50007000 ps  49993000 ps         0 ps
#                   /testbench/ABUSNORM(1)   5000      0  50007000 ps  49993000 ps         0 ps
#                   /testbench/ABUSNORM(0)  10000      0  50007000 ps  49993000 ps         0 ps
#               /testbench/COUNTBUSNORM(7)     97      0  48155000 ps  51844900 ps       100 ps
#               /testbench/COUNTBUSNORM(6)    118      0  37760000 ps  62239900 ps       100 ps
#               /testbench/COUNTBUSNORM(5)    312      0  49920000 ps  50079900 ps       100 ps
#               /testbench/COUNTBUSNORM(4)    624      0  49920000 ps  50079900 ps       100 ps
#               /testbench/COUNTBUSNORM(3)   1249      0  49995000 ps  50004900 ps       100 ps
#               /testbench/COUNTBUSNORM(2)   2499      0  49995000 ps  50004900 ps       100 ps
#               /testbench/COUNTBUSNORM(1)   4999      0  49995000 ps  50004900 ps       100 ps
#               /testbench/COUNTBUSNORM(0)   9999      0  49995000 ps  50004900 ps       100 ps
#                   /testbench/CBUSNORM(7)     97      0  48145000 ps  51854900 ps       100 ps
#                   /testbench/CBUSNORM(6)    118      0  37760000 ps  62239900 ps       100 ps
#                   /testbench/CBUSNORM(5)    312      0  49920000 ps  50079900 ps       100 ps
#                   /testbench/CBUSNORM(4)    624      0  49920000 ps  50079900 ps       100 ps
#                   /testbench/CBUSNORM(3)   1249      0  49985000 ps  50014900 ps       100 ps
#                   /testbench/CBUSNORM(2)   2499      0  49985000 ps  50014900 ps       100 ps
#                   /testbench/CBUSNORM(1)   4999      0  49985000 ps  50014900 ps       100 ps
#                   /testbench/CBUSNORM(0)   9998      0  49990000 ps  50009900 ps       100 ps
#                   /testbench/ABUSTRAN(7)     97      0  48164900 ps  51835100 ps         0 ps
#                   /testbench/ABUSTRAN(6)    118      0  37760000 ps  62240000 ps         0 ps
#                   /testbench/ABUSTRAN(5)    312      0  49927000 ps  50073000 ps         0 ps
#                   /testbench/ABUSTRAN(4)    625      0  49931900 ps  50068100 ps         0 ps
#                   /testbench/ABUSTRAN(3)   1250      0  50007000 ps  49993000 ps         0 ps
#                   /testbench/ABUSTRAN(2)   2500      0  50007000 ps  49993000 ps         0 ps
#                   /testbench/ABUSTRAN(1)   5000      0  50007000 ps  49993000 ps         0 ps
#                   /testbench/ABUSTRAN(0)  10000      0  50007000 ps  49993000 ps         0 ps
#               /testbench/COUNTBUSTRAN(7)   4816      0  24080000 ps  75919900 ps       100 ps
#               /testbench/COUNTBUSTRAN(6)   3776      0  18880000 ps  81119900 ps       100 ps
#               /testbench/COUNTBUSTRAN(5)   4992      0  24960000 ps  75039900 ps       100 ps
#               /testbench/COUNTBUSTRAN(4)   4992      0  24960000 ps  75039900 ps       100 ps
#               /testbench/COUNTBUSTRAN(3)   5000      0  25000000 ps  74999900 ps       100 ps
#               /testbench/COUNTBUSTRAN(2)   5000      0  25000000 ps  74999900 ps       100 ps
#               /testbench/COUNTBUSTRAN(1)   5000      0  25000000 ps  74999900 ps       100 ps
#               /testbench/COUNTBUSTRAN(0)   5000      0  50000000 ps  49999900 ps       100 ps
#                   /testbench/CBUSTRAN(7)     97      0  48145000 ps  51854900 ps       100 ps
#                   /testbench/CBUSTRAN(6)    118      0  37760000 ps  62239900 ps       100 ps
#                   /testbench/CBUSTRAN(5)    312      0  49920000 ps  50079900 ps       100 ps
#                   /testbench/CBUSTRAN(4)    624      0  49920000 ps  50079900 ps       100 ps
#                   /testbench/CBUSTRAN(3)   1249      0  49985000 ps  50014900 ps       100 ps
#                   /testbench/CBUSTRAN(2)   2499      0  49985000 ps  50014900 ps       100 ps
#                   /testbench/CBUSTRAN(1)   4999      0  49985000 ps  50014900 ps       100 ps
#                   /testbench/CBUSTRAN(0)   9998      0  49990000 ps  50009900 ps       100 ps
#                   /testbench/ABUSGRAY(7)     97      0  48164900 ps  51835100 ps         0 ps
#                   /testbench/ABUSGRAY(6)    118      0  37760000 ps  62240000 ps         0 ps
#                   /testbench/ABUSGRAY(5)    312      0  49927000 ps  50073000 ps         0 ps
#                   /testbench/ABUSGRAY(4)    625      0  49931900 ps  50068100 ps         0 ps
#                   /testbench/ABUSGRAY(3)   1250      0  50007000 ps  49993000 ps         0 ps
#                   /testbench/ABUSGRAY(2)   2500      0  50007000 ps  49993000 ps         0 ps
#                   /testbench/ABUSGRAY(1)   5000      0  50007000 ps  49993000 ps         0 ps
#                   /testbench/ABUSGRAY(0)  10000      0  50007000 ps  49993000 ps         0 ps
#               /testbench/COUNTBUSGRAY(7)     97      0  48155000 ps  51844900 ps       100 ps
#               /testbench/COUNTBUSGRAY(6)     55      0  24475000 ps  75524900 ps       100 ps
#               /testbench/COUNTBUSGRAY(5)    194      0  49920000 ps  50079900 ps       100 ps
#               /testbench/COUNTBUSGRAY(4)    312      0  49920000 ps  50079900 ps       100 ps
#               /testbench/COUNTBUSGRAY(3)    625      0  49995000 ps  50004900 ps       100 ps
#               /testbench/COUNTBUSGRAY(2)   1250      0  50000000 ps  49999900 ps       100 ps
#               /testbench/COUNTBUSGRAY(1)   2500      0  50000000 ps  49999900 ps       100 ps
#               /testbench/COUNTBUSGRAY(0)   5000      0  50000000 ps  49999900 ps       100 ps
#                   /testbench/CBUSGRAY(7)     97      0  48145000 ps  51854900 ps       100 ps
#                   /testbench/CBUSGRAY(6)    152      0  37760000 ps  62239900 ps       100 ps
#                   /testbench/CBUSGRAY(5)    346      0  49920000 ps  50079900 ps       100 ps
#                   /testbench/CBUSGRAY(4)    658      0  49920000 ps  50079900 ps       100 ps
#                   /testbench/CBUSGRAY(3)   1283      0  49985000 ps  50014900 ps       100 ps
#                   /testbench/CBUSGRAY(2)   2533      0  49985000 ps  50014900 ps       100 ps
#                   /testbench/CBUSGRAY(1)   5033      0  49985000 ps  50014900 ps       100 ps
#                   /testbench/CBUSGRAY(0)  10032      0  49990000 ps  50009900 ps       100 ps
#                    /testbench/ABUSINV(7)     97      0  48164900 ps  51835100 ps         0 ps
#                    /testbench/ABUSINV(6)    118      0  37760000 ps  62240000 ps         0 ps
#                    /testbench/ABUSINV(5)    312      0  49927000 ps  50073000 ps         0 ps
#                    /testbench/ABUSINV(4)    625      0  49931900 ps  50068100 ps         0 ps
#                    /testbench/ABUSINV(3)   1250      0  50007000 ps  49993000 ps         0 ps
#                    /testbench/ABUSINV(2)   2500      0  50007000 ps  49993000 ps         0 ps
#                    /testbench/ABUSINV(1)   5000      0  50007000 ps  49993000 ps         0 ps
#                    /testbench/ABUSINV(0)  10000      0  50007000 ps  49993000 ps         0 ps
#                    /testbench/CBUSINV(7)     97      0  48145000 ps  51854900 ps       100 ps
#                    /testbench/CBUSINV(6)    118      0  37760000 ps  62239900 ps       100 ps
#                    /testbench/CBUSINV(5)    312      0  49920000 ps  50079900 ps       100 ps
#                    /testbench/CBUSINV(4)    624      0  49920000 ps  50079900 ps       100 ps
#                    /testbench/CBUSINV(3)   1249      0  49985000 ps  50014900 ps       100 ps
#                    /testbench/CBUSINV(2)   2499      0  49985000 ps  50014900 ps       100 ps
#                    /testbench/CBUSINV(1)   4999      0  49985000 ps  50014900 ps       100 ps
#                    /testbench/CBUSINV(0)   9998      0  49990000 ps  50009900 ps       100 ps
#                /testbench/COUNTBUSINV(8)    624      0  49920000 ps  50079900 ps       100 ps
#                /testbench/COUNTBUSINV(7)    527      0  50075000 ps  49924900 ps       100 ps
#                /testbench/COUNTBUSINV(6)    506      0  49920000 ps  50079900 ps       100 ps
#                /testbench/COUNTBUSINV(5)    312      0  49920000 ps  50079900 ps       100 ps
#                /testbench/COUNTBUSINV(3)    625      0  49995000 ps  50004900 ps       100 ps
#                /testbench/COUNTBUSINV(2)   1875      0  49995000 ps  50004900 ps       100 ps
#                /testbench/COUNTBUSINV(1)   4375      0  49995000 ps  50004900 ps       100 ps
#                /testbench/COUNTBUSINV(0)   9375      0  49995000 ps  50004900 ps       100 ps
#                            /testbench/CK  20000      0  50000000 ps  50000000 ps         0 ps
#                           /testbench/RST      2      0       200 ps  99999800 ps         0 ps
#                          /testbench/A(7)     97      0  48164900 ps  51835100 ps         0 ps
#                          /testbench/A(6)    118      0  37760000 ps  62240000 ps         0 ps
#                          /testbench/A(5)    312      0  49927000 ps  50073000 ps         0 ps
#                          /testbench/A(4)    625      0  49931900 ps  50068100 ps         0 ps
#                          /testbench/A(3)   1250      0  50007000 ps  49993000 ps         0 ps
#                          /testbench/A(2)   2500      0  50007000 ps  49993000 ps         0 ps
#                          /testbench/A(1)   5000      0  50007000 ps  49993000 ps         0 ps
#                          /testbench/A(0)  10000      0  50007000 ps  49993000 ps         0 ps
# ---------------------------------------------------------------------------------------------
